2022/12/12 23:00:16 /Users/gotandakazutaka/object/go-practice/main.go:21: Exit open adadadad: no such file or directory
